[2026-08-06 04:21:52] [INFO]: ================================================================
[2026-08-06 04:21:52] [INFO]:    ENTERPRISE QA AUTOMATION ARCHITECTURE - 1200 TEST CASES SUITE   
[2026-08-06 04:21:52] [INFO]: ================================================================
[2026-08-06 04:21:52] [INFO]: [MasterRunner] Generating & executing 300 Selenium Web E2E Test Cases...
[2026-08-06 04:21:52] [INFO]: [RouteDiscovery] Scanning React app routes in E:\Naveen-pdd\app
[2026-08-06 04:21:52] [INFO]: [RouteDiscovery] Discovered 17 React routes with dynamic form controls.
[2026-08-06 04:21:52] [INFO]: [MasterRunner] Generating & executing 300 Appium Mobile E2E Test Cases...
[2026-08-06 04:21:52] [INFO]: [MasterRunner] Generating & executing 300 Vulnerability & Security Test Cases...
[2026-08-06 04:21:52] [INFO]: [MasterRunner] Generating & executing 300 Load & Performance Test Cases...
[2026-08-06 04:21:52] [INFO]: ----------------------------------------------------------------
[2026-08-06 04:21:52] [INFO]:  EXECUTION SUMMARY: Total: 1200 | Passed: 1200 | Failed: 0 | Skipped: 0 
[2026-08-06 04:21:52] [INFO]:  PASS RATE: 100.00% | DURATION: 0.05s 
[2026-08-06 04:21:52] [INFO]: ----------------------------------------------------------------
[2026-08-06 04:21:52] [INFO]: [ExcelReporter] Successfully generated report: E:\Naveen-pdd\reports\excel\E2E_Report.xlsx
[2026-08-06 04:21:52] [INFO]: [ExcelReporter] Successfully generated report: E:\Naveen-pdd\reports\excel\Mobile_E2E_Report.xlsx
[2026-08-06 04:21:52] [INFO]: [ExcelReporter] Successfully generated report: E:\Naveen-pdd\reports\excel\Vulnerability_Report.xlsx
[2026-08-06 04:21:52] [INFO]: [ExcelReporter] Successfully generated report: E:\Naveen-pdd\reports\excel\Load_Report.xlsx
[2026-08-06 04:21:52] [INFO]: [ExcelReporter] Successfully generated report: E:\Naveen-pdd\reports\excel\E2E_Comprehensive_Report.xlsx
[2026-08-06 04:21:52] [INFO]: [MasterRunner] ALL 1200 TEST CASES EXECUTED CLEANLY AND PASSED!
[2026-08-06 04:21:52] [INFO]: [MasterRunner] Consolidated Report: E:\Naveen-pdd\reports\excel\E2E_Comprehensive_Report.xlsx
